// Jest Snapshot v1, https://goo.gl/fbAQLP

exports[`renders the component correctly 1`] = `
<div>
  <ul
    className="o-bookmark-list"
  >
    <li
      className="o-bookmark-section"
    >
      <a
        className="o-bookmark-content"
        data-uri="urn:pearson:manifestation:1c31193b-c5fe-4b17-881d-1f591351e82e"
        onClick={[Function]}
        onFocus={[Function]}
        onKeyDown={[Function]}
        onKeyPress={[Function]}
        onKeyUp={[Function]}
        role="button"
        tabIndex="0"
      >
        Neurons and Nerves
        <div
          className="o-bookmark-date"
        >
          <time
            value={1499682113569}
          >
            7/10/2017
          </time>
           
          <time
            value={1499682113569}
          >
            3:51 PM
          </time>
        </div>
      </a>
      <a
        aria-label="Remove Bookmarks"
        className="remove"
        onClick={[Function]}
        role="button"
        tabIndex="0"
      >
        
      </a>
    </li>
  </ul>
</div>
`;
